2026-06-08 11:08:09.969 | INFO     | __main__:run_pipeline:39 - ============================================================
2026-06-08 11:08:09.969 | INFO     | __main__:run_pipeline:40 -    RETAIL SALES PIPELINE — START
2026-06-08 11:08:09.970 | INFO     | __main__:run_pipeline:41 - ============================================================
2026-06-08 11:08:09.970 | INFO     | __main__:run_pipeline:44 - 📥 [EXTRACT] Loading raw data...
2026-06-08 11:08:09.973 | INFO     | src.extract.csv_extractor:extract:16 - Extracting data from data\raw\sales_2024.csv
2026-06-08 11:08:09.978 | INFO     | src.extract.csv_extractor:extract:18 - Extracted 502 rows from sales_2024.csv
2026-06-08 11:08:09.979 | INFO     | src.utils.validator:assert_schema:22 - [EXTRACT] ✅ Schema OK — 7 columns present
2026-06-08 11:08:09.979 | INFO     | src.utils.validator:assert_volume:31 - [EXTRACT] ✅ Volume OK — 502 rows
2026-06-08 11:08:09.979 | INFO     | __main__:run_pipeline:54 - 📥 [EXTRACT] 502 rows loaded
2026-06-08 11:08:09.980 | INFO     | __main__:run_pipeline:57 - 🔧 [TRANSFORM] Cleaning data...
2026-06-08 11:08:09.980 | INFO     | src.transform.cleaner:clean:40 - Starting data cleaning pipeline
2026-06-08 11:08:09.981 | WARNING  | src.transform.cleaner:remove_duplicates:19 - Removed 2 duplicate order_ids
2026-06-08 11:08:09.982 | WARNING  | src.transform.cleaner:handle_nulls:26 - Null values found:
unit_price    1
dtype: int64
2026-06-08 11:08:09.984 | INFO     | src.transform.cleaner:clean:45 - Cleaning complete. 499 rows ready for transformation.
2026-06-08 11:08:09.984 | INFO     | src.utils.validator:assert_drop_rate:48 - ✅ Drop rate OK — 0.6% rows cleaned (3 removed)
2026-06-08 11:08:09.985 | INFO     | __main__:run_pipeline:65 - 🔍 [VALIDATE] Checking business rules...
2026-06-08 11:08:09.987 | SUCCESS  | src.checks.business_rules:log_violations:90 - ✅ All business rules passed
2026-06-08 11:08:09.987 | WARNING  | src.utils.validator:assert_data_freshness:59 - ⚠️  Freshness WARNING — latest order is 639 days old (as of 2024-09-06). Expected data within 400 days.
2026-06-08 11:08:09.988 | INFO     | __main__:run_pipeline:73 - 📊 [AGGREGATE] Building KPIs...
2026-06-08 11:08:09.993 | INFO     | src.transform.aggregator:daily_sales:25 - Daily aggregation: 499 days
2026-06-08 11:08:10.001 | INFO     | __main__:run_pipeline:80 - 🔁 [RECONCILE] Verifying totals match source data...
2026-06-08 11:08:10.001 | SUCCESS  | src.checks.reconciliation:assert_revenue_reconciliation:32 - ✅ Revenue reconciliation OK — $1,224,524.36 matches across raw and aggregated datasets
2026-06-08 11:08:10.001 | SUCCESS  | src.checks.reconciliation:assert_order_count_reconciliation:57 - ✅ Order count reconciliation OK — 499 orders
2026-06-08 11:08:10.002 | INFO     | __main__:run_pipeline:85 - 🔍 [ANOMALY] Scanning regions for statistical outliers...
2026-06-08 11:08:10.003 | SUCCESS  | src.checks.anomaly_detection:report:84 - ✅ No regional anomalies detected — all regions within normal range
2026-06-08 11:08:10.003 | INFO     | __main__:run_pipeline:91 - 💾 [LOAD] Writing output files...
2026-06-08 11:08:10.007 | INFO     | src.load.csv_loader:load:16 - Saved 499 rows to data\processed\daily_sales.csv
2026-06-08 11:08:10.008 | INFO     | src.load.csv_loader:load:16 - Saved 5 rows to data\processed\sales_by_region.csv
2026-06-08 11:08:10.009 | INFO     | src.load.csv_loader:load:16 - Saved 10 rows to data\processed\top_products.csv
2026-06-08 11:08:10.009 | INFO     | __main__:run_pipeline:97 - ============================================================
2026-06-08 11:08:10.009 | SUCCESS  | __main__:run_pipeline:98 -    PIPELINE COMPLETED SUCCESSFULLY ✅
2026-06-08 11:08:10.009 | INFO     | __main__:run_pipeline:99 -    Rows processed : 499
2026-06-08 11:08:10.010 | INFO     | __main__:run_pipeline:100 -    Days covered   : 499
2026-06-08 11:08:10.010 | INFO     | __main__:run_pipeline:101 -    Regions        : 5
2026-06-08 11:08:10.010 | INFO     | __main__:run_pipeline:102 - ============================================================
2026-06-08 11:33:10.155 | INFO     | __main__:run_pipeline:39 - ============================================================
2026-06-08 11:33:10.156 | INFO     | __main__:run_pipeline:40 -    RETAIL SALES PIPELINE — START
2026-06-08 11:33:10.156 | INFO     | __main__:run_pipeline:41 - ============================================================
2026-06-08 11:33:10.156 | INFO     | __main__:run_pipeline:44 - 📥 [EXTRACT] Loading raw data...
2026-06-08 11:33:10.157 | INFO     | src.extract.csv_extractor:extract:16 - Extracting data from data\raw\sales_2024.csv
2026-06-08 11:33:10.162 | INFO     | src.extract.csv_extractor:extract:18 - Extracted 502 rows from sales_2024.csv
2026-06-08 11:33:10.162 | INFO     | src.utils.validator:assert_schema:22 - [EXTRACT] ✅ Schema OK — 7 columns present
2026-06-08 11:33:10.162 | INFO     | src.utils.validator:assert_volume:31 - [EXTRACT] ✅ Volume OK — 502 rows
2026-06-08 11:33:10.163 | INFO     | __main__:run_pipeline:54 - 📥 [EXTRACT] 502 rows loaded
2026-06-08 11:33:10.163 | INFO     | __main__:run_pipeline:57 - 🔧 [TRANSFORM] Cleaning data...
2026-06-08 11:33:10.163 | INFO     | src.transform.cleaner:clean:40 - Starting data cleaning pipeline
2026-06-08 11:33:10.164 | WARNING  | src.transform.cleaner:remove_duplicates:19 - Removed 2 duplicate order_ids
2026-06-08 11:33:10.166 | WARNING  | src.transform.cleaner:handle_nulls:26 - Null values found:
unit_price    1
dtype: int64
2026-06-08 11:33:10.168 | INFO     | src.transform.cleaner:clean:45 - Cleaning complete. 499 rows ready for transformation.
2026-06-08 11:33:10.168 | INFO     | src.utils.validator:assert_drop_rate:48 - ✅ Drop rate OK — 0.6% rows cleaned (3 removed)
2026-06-08 11:33:10.168 | INFO     | __main__:run_pipeline:65 - 🔍 [VALIDATE] Checking business rules...
2026-06-08 11:33:10.171 | SUCCESS  | src.checks.business_rules:log_violations:90 - ✅ All business rules passed
2026-06-08 11:33:10.171 | WARNING  | src.utils.validator:assert_data_freshness:59 - ⚠️  Freshness WARNING — latest order is 639 days old (as of 2024-09-06). Expected data within 400 days.
2026-06-08 11:33:10.172 | INFO     | __main__:run_pipeline:73 - 📊 [AGGREGATE] Building KPIs...
2026-06-08 11:33:10.176 | INFO     | src.transform.aggregator:daily_sales:25 - Daily aggregation: 499 days
2026-06-08 11:33:10.183 | INFO     | __main__:run_pipeline:80 - 🔁 [RECONCILE] Verifying totals match source data...
2026-06-08 11:33:10.184 | SUCCESS  | src.checks.reconciliation:assert_revenue_reconciliation:32 - ✅ Revenue reconciliation OK — $1,224,524.36 matches across raw and aggregated datasets
2026-06-08 11:33:10.184 | SUCCESS  | src.checks.reconciliation:assert_order_count_reconciliation:57 - ✅ Order count reconciliation OK — 499 orders
2026-06-08 11:33:10.184 | INFO     | __main__:run_pipeline:85 - 🔍 [ANOMALY] Scanning regions for statistical outliers...
2026-06-08 11:33:10.185 | SUCCESS  | src.checks.anomaly_detection:report:84 - ✅ No regional anomalies detected — all regions within normal range
2026-06-08 11:33:10.185 | INFO     | __main__:run_pipeline:91 - 💾 [LOAD] Writing output files...
2026-06-08 11:33:10.189 | INFO     | src.load.csv_loader:load:16 - Saved 499 rows to data\processed\daily_sales.csv
2026-06-08 11:33:10.190 | INFO     | src.load.csv_loader:load:16 - Saved 5 rows to data\processed\sales_by_region.csv
2026-06-08 11:33:10.191 | INFO     | src.load.csv_loader:load:16 - Saved 10 rows to data\processed\top_products.csv
2026-06-08 11:33:10.191 | INFO     | __main__:run_pipeline:97 - ============================================================
2026-06-08 11:33:10.191 | SUCCESS  | __main__:run_pipeline:98 -    PIPELINE COMPLETED SUCCESSFULLY ✅
2026-06-08 11:33:10.191 | INFO     | __main__:run_pipeline:99 -    Rows processed : 499
2026-06-08 11:33:10.192 | INFO     | __main__:run_pipeline:100 -    Days covered   : 499
2026-06-08 11:33:10.192 | INFO     | __main__:run_pipeline:101 -    Regions        : 5
2026-06-08 11:33:10.192 | INFO     | __main__:run_pipeline:102 - ============================================================
